<html>
<body>
<pre>
<h1>礦ision Build Log</h1>
<h2>Project:</h2>
E:\yExin\实验室\我研究过的\IWantToFly\check_fixedpt\FlyOutdoor_origin\my.uvproj
Project File Date:  01/12/2016

<h2>Output:</h2>
Build target 'Target 1'
compiling main.c...
main.c(519): error:  #18: expected a ")"
main.c:         if(cmd.rc[2] < -819 and mode.FlightMode == MANUEL){//-0.8
main.c:                             ^
main.c: main.c: 0 warnings, 1 error
compiling attitude.c...
Target not created
Build target 'Target 1'
assembling SAM7.s...
compiling main.c...
compiling mypwm.c...
compiling myusart.c...
compiling mytwi_new.c...
compiling mypit.c...
compiling timer.c...
compiling LED.c...
compiling spibaro.c...
compiling gps.c...
compiling attitude.c...
compiling IMU.c...
compiling inout.c...
compiling PosEst.c...
compiling compass_on_gps.c...
compiling EEPROM.c...
compiling fixed_matrix_control.c...
compiling ADC.c...
compiling test_cpp.cpp...
compiling SDcard.c...
compiling twi_fast.c...
compiling Filter.c...
compiling USB.c...
linking...
Program Size: Code=62620 RO-data=892 RW-data=792 ZI-data=10456  
FromELF: creating hex file...
"my.axf" - 0 Error(s), 0 Warning(s).
